// Jest Snapshot v1, https://goo.gl/fbAQLP

exports[`Input UI component renders correctly 1`] = `
.c0 {
  color: #333333;
  font-size: 1.8rem;
  font-weight: 300;
  background-color: #f9f9f9;
  font-family: "Lato",sans-serif;
  -webkit-letter-spacing: 0.03em;
  -moz-letter-spacing: 0.03em;
  -ms-letter-spacing: 0.03em;
  letter-spacing: 0.03em;
  height: 6rem;
  width: 73.5rem;
  border-radius: 20rem;
  padding: 1rem 14rem 1rem 8rem;
  border: 0;
  -webkit-filter: drop-shadow(0 0.4rem 0.4rem rgba(0,0,0,0.25));
  filter: drop-shadow(0 0.4rem 0.4rem rgba(0,0,0,0.25));
}

<input
  className="c0"
>
  Test
</input>
`;
