// Jest Snapshot v1, https://goo.gl/fbAQLP

exports[`SearchInput UI component renders correctly 1`] = `
.c2 {
  color: #333333;
  font-size: 1.8rem;
  font-weight: 300;
  background-color: #f9f9f9;
  font-family: "Lato",sans-serif;
  -webkit-letter-spacing: 0.03em;
  -moz-letter-spacing: 0.03em;
  -ms-letter-spacing: 0.03em;
  letter-spacing: 0.03em;
  height: 6rem;
  width: 73.5rem;
  border-radius: 20rem;
  padding: 1rem 14rem 1rem 8rem;
  border: 0;
  -webkit-filter: drop-shadow(0 0.4rem 0.4rem rgba(0,0,0,0.25));
  filter: drop-shadow(0 0.4rem 0.4rem rgba(0,0,0,0.25));
}

.c0 {
  position: relative;
}

.c1 {
  width: 2.6rem;
  position: absolute;
  z-index: 3;
  -webkit-transform: translate(130%,65%);
  -ms-transform: translate(130%,65%);
  transform: translate(130%,65%);
}

.c3 {
  position: absolute;
  cursor: pointer;
  background-color: #BA68C8;
  color: #f9f9f9;
  font-size: 2rem;
  font-weight: 600;
  font-family: "Lato",sans-serif;
  -webkit-letter-spacing: 0.03em;
  -moz-letter-spacing: 0.03em;
  -ms-letter-spacing: 0.03em;
  letter-spacing: 0.03em;
  height: 6rem;
  width: 12.5rem;
  -webkit-transform: translateX(calc(-100% + 1px));
  -ms-transform: translateX(calc(-100% + 1px));
  transform: translateX(calc(-100% + 1px));
  border: none;
  border-top-right-radius: 20rem;
  border-bottom-right-radius: 20rem;
}

<form
  onSubmit={[Function]}
>
  <span
    className="c0"
  >
    <img
      className="c1"
      src="search.svg"
    />
    <input
      className="c2"
    >
      Test
    </input>
    <button
      className="c3"
      type="submit"
    >
      Search
    </button>
  </span>
</form>
`;
