// Jest Snapshot v1, https://goo.gl/fbAQLP

exports[`Title Typography component renders correctly 1`] = `
.c0 {
  font-size: 4.8rem;
  font-weight: 700;
  text-transform: uppercase;
  line-height: 6.5rem;
  -webkit-letter-spacing: 0.1em;
  -moz-letter-spacing: 0.1em;
  -ms-letter-spacing: 0.1em;
  letter-spacing: 0.1em;
}

<h2
  className="c0"
>
  Test
</h2>
`;
