// Jest Snapshot v1, https://goo.gl/fbAQLP

exports[`Background UI component renders correctly 1`] = `
.c0 {
  height: calc(100vh - 2rem);
  border-radius: 0.3rem;
  background-size: cover;
  background-position: top;
  position: relative;
  overflow-y: auto;
}

<div
  className="c0"
>
  Test
</div>
`;
