// Jest Snapshot v1, https://goo.gl/fbAQLP

exports[`MovieList UI component renders correctly 1`] = `
.c0 {
  cursor: pointer;
  border-radius: 0.5rem;
  width: 16.5rem;
  height: 25rem;
  -webkit-filter: drop-shadow(0.6rem 0.6rem 0.6rem rgba(0,0,0,0.25));
  filter: drop-shadow(0.6rem 0.6rem 0.6rem rgba(0,0,0,0.25));
  -webkit-transform: scale(1);
  -ms-transform: scale(1);
  transform: scale(1);
  -webkit-transition: all 0.3s;
  transition: all 0.3s;
  -webkit-animation: iusTVN 0.3s;
  animation: iusTVN 0.3s;
}

.c0:hover {
  -webkit-transform: scale(1.1);
  -ms-transform: scale(1.1);
  transform: scale(1.1);
}

<img
  className="c0"
  onClick={[Function]}
  src="placeholder.png"
/>
`;
